rows 785741 cols ['job_title_short', 'job_title', 'job_location', 'job_via', 'job_schedule_type', 'job_work_from_home', 'search_location', 'job_posted_date', 'job_no_degree_mention', 'job_health_insurance', 'job_country', 'salary_rate', 'salary_year_avg', 'salary_hour_avg', 'company_name', 'job_skills', 'job_type_skills']
jobs written 785741
skills parsed 200000 904851
skills parsed 300000 1354889
skills parsed 500000 2259456
skills parsed 600000 2726362
skills parsed 700000 3201283
jobskills written 3594898
dimskill written 245
          Skill  Mentions     Skill Type  Skill Rank
177         SQL    384849    Programming           1
158      Python    380909    Programming           2
3           AWS    145381          Cloud           3
16        Azure    132527          Cloud           4
161           R    130892    Programming           5
204     Tableau    127213  Analyst Tools           6
62        Excel    127018  Analyst Tools           7
195       Spark    114609      Libraries           8
151    Power BI     98317  Analyst Tools           9
95         Java     85612    Programming          10
87       Hadoop     64842      Libraries          11
185       Scala     56886    Programming          12
193   Snowflake     55015          Cloud          13
45   Databricks     53182          Cloud          14
74          GCP     50727          Cloud          15
78          Git     50226          Other          16
101       Kafka     49926      Libraries          17
130       NoSQL     47911    Programming          18
4       Airflow     45254      Libraries          19
141      Oracle     45221          Cloud          20
dimdate 365 2023-01-01 00:00:00 2023-12-31 00:00:00
Job Title
Data Analyst                 196075
Data Engineer                186241
Data Scientist               172286
Business Analyst              49063
Software Engineer             44929
Senior Data Engineer          44563
Senior Data Scientist         36957
Senior Data Analyst           29216
Machine Learning Engineer     14080
Cloud Engineer                12331
Country
United States     206292
India              51088
United Kingdom     40375
France             39922
Germany            27694
Spain              25100
Singapore          23696
Sudan              21781
Netherlands        20631
Italy              17013
Canada             16029
Mexico             15139
Schedule
Full-time               702645
Contractor               34796
Not specified            12667
Internship                8742
Part-time                 7914
Full-time/Part-time       6287
Full-time/Temp work       2603
Full-time/Internship      2340
Platform
LinkedIn            186679
BeBee               103507
Trabajo.org          61562
Indeed               42756
Recruit.net          23646
ZipRecruiter         15533
Jobs Trabajo.org     10605
Snagajob              9355
Remote
On-site    716189
Remote      69552
count     22003.000000
mean     123286.274826
std       48312.449154
min       15000.000000
25%       90000.000000
50%      115000.000000
75%      150000.000000
max      960000.000000
companies 139980 countries 161 locations 17218
